Starting game ...
Number of players is: 2
The turn of player: 0
You have this much money: 4
The turn of player: 1
You have this much money: 3
The turn of player: 0
You have this much money: 3
The turn of player: 1
You have this much money: 4
The turn of player: 0
You have this much money: 4
The turn of player: 1
You have this much money: 4
The turn of player: 0
You have this much money: 4
The turn of player: 1
You have this much money: 3
The turn of player: 0
You have this much money: 5
The turn of player: 1
You have this much money: 4
The turn of player: 0
You have this much money: 3
The turn of player: 1
You have this much money: 4
The turn of player: 0
You have this much money: 4
The turn of player: 1
You have this much money: 3
The turn of player: 0
You have this much money: 4
Playing a card
The turn of player: 1
You have this much money: 4
The turn of player: 0
You have this much money: 5
The turn of player: 1
You have this much money: 3
The turn of player: 0
You have this much money: 3
The turn of player: 1
You have this much money: 4
The turn of player: 0
You have this much money: 4
The turn of player: 1
You have this much money: 5
The turn of player: 0
You have this much money: 5
The turn of player: 1
You have this much money: 3
The turn of player: 0
You have this much money: 2
The turn of player: 1
You have this much money: 4
The turn of player: 0
You have this much money: 5
The turn of player: 1
You have this much money: 6
The turn of player: 0
You have this much money: 3
The turn of player: 1
You have this much money: 3
The turn of player: 0
You have this much money: 5
The turn of player: 1
You have this much money: 2
The turn of player: 0
You have this much money: 3
The turn of player: 1
You have this much money: 4
The turn of player: 0
You have this much money: 5
The turn of player: 1
You have this much money: 6
The turn of player: 0
You have this much money: 3
The turn of player: 1
You have this much money: 4
The turn of player: 0
You have this much money: 3
The turn of player: 1
You have this much money: 3
The turn of player: 0
You have this much money: 5
The turn of player: 1
You have this much money: 5
The turn of player: 0
You have this much money: 4
The turn of player: 1
You have this much money: 4
The turn of player: 0
You have this much money: 2
The turn of player: 1
You have this much money: 4
The turn of player: 0
You have this much money: 5
The turn of player: 1
You have this much money: 5
The turn of player: 0
You have this much money: 4
The turn of player: 1
You have this much money: 4
The turn of player: 0
You have this much money: 3
The turn of player: 1
You have this much money: 3
The turn of player: 0
You have this much money: 4
The turn of player: 1
You have this much money: 4
The turn of player: 0
You have this much money: 6
The turn of player: 1
You have this much money: 5
The turn of player: 0
You have this much money: 2
The turn of player: 1
You have this much money: 2
The turn of player: 0
You have this much money: 4
The turn of player: 1
You have this much money: 5
The turn of player: 0
You have this much money: 4
The turn of player: 1
You have this much money: 3
The turn of player: 0
You have this much money: 5
The turn of player: 1
You have this much money: 5
The turn of player: 0
You have this much money: 3
The turn of player: 1
You have this much money: 5
The turn of player: 0
You have this much money: 6
The turn of player: 1
You have this much money: 3
The turn of player: 0
You have this much money: 4
The turn of player: 1
You have this much money: 5
The turn of player: 0
You have this much money: 6
The turn of player: 1
You have this much money: 1
The turn of player: 0
You have this much money: 3
The turn of player: 1
You have this much money: 5
The turn of player: 0
You have this much money: 6
The turn of player: 1
You have this much money: 2
The turn of player: 0
You have this much money: 4
The turn of player: 1
You have this much money: 3
The turn of player: 0
You have this much money: 7
The turn of player: 1
You have this much money: 3
The turn of player: 0
You have this much money: 4
The turn of player: 1
You have this much money: 5
The turn of player: 0
You have this much money: 4
The turn of player: 1
You have this much money: 6
The turn of player: 0
You have this much money: 4
The turn of player: 1
You have this much money: 3
The turn of player: 0
You have this much money: 3
The turn of player: 1
You have this much money: 4
The turn of player: 0
You have this much money: 5
The turn of player: 1
You have this much money: 1
The turn of player: 0
You have this much money: 7
The turn of player: 1
You have this much money: 4
The turn of player: 0
You have this much money: 5
The turn of player: 1
You have this much money: 4
The turn of player: 0
You have this much money: 4
The turn of player: 1
You have this much money: 5
The turn of player: 0
You have this much money: 5
The turn of player: 1
You have this much money: 5
The turn of player: 0
You have this much money: 4
The turn of player: 1
You have this much money: 4
The turn of player: 0
You have this much money: 3
Playing a card
The turn of player: 1
You have this much money: 6
The turn of player: 0
You have this much money: 6
The turn of player: 1
You have this much money: 5
Playing a card
The turn of player: 0
You have this much money: 4
The turn of player: 1
You have this much money: 4
The turn of player: 0
You have this much money: 5
The turn of player: 1
You have this much money: 3
The turn of player: 0
You have this much money: 4
The turn of player: 1
You have this much money: 4
The turn of player: 0
You have this much money: 4
The turn of player: 1
You have this much money: 4
The turn of player: 0
You have this much money: 3
The turn of player: 1
You have this much money: 5
The turn of player: 0
You have this much money: 6
The turn of player: 1
You have this much money: 7
The turn of player: 0
You have this much money: 5
The turn of player: 1
You have this much money: 5
The turn of player: 0
You have this much money: 6
Playing a card
The turn of player: 1
You have this much money: 4
Playing a card
The turn of player: 0
You have this much money: 1
The turn of player: 1
You have this much money: 5
The turn of player: 0
You have this much money: 6
The turn of player: 1
You have this much money: 6
The turn of player: 0
You have this much money: 4
The turn of player: 1
You have this much money: 3
The turn of player: 0
You have this much money: 5
The turn of player: 1
You have this much money: 6
The turn of player: 0
You have this much money: 2
The turn of player: 1
You have this much money: 5
The turn of player: 0
You have this much money: 6
The turn of player: 1
You have this much money: 2
The turn of player: 0
You have this much money: 6
The turn of player: 1
You have this much money: 3
The turn of player: 0
You have this much money: 4
The turn of player: 1
You have this much money: 7
The turn of player: 0
You have this much money: 3
The turn of player: 1
You have this much money: 4
The turn of player: 0
You have this much money: 7
The turn of player: 1
You have this much money: 4
The turn of player: 0
You have this much money: 4
The turn of player: 1
You have this much money: 3
The turn of player: 0
You have this much money: 6
The turn of player: 1
You have this much money: 6
The turn of player: 0
You have this much money: 3
The turn of player: 1
You have this much money: 5
The turn of player: 0
You have this much money: 4
The turn of player: 1
You have this much money: 7
The turn of player: 0
You have this much money: 7
The turn of player: 1
You have this much money: 5
The turn of player: 0
You have this much money: 4
The turn of player: 1
You have this much money: 6
The turn of player: 0
You have this much money: 4
The turn of player: 1
You have this much money: 3
The turn of player: 0
You have this much money: 6
The turn of player: 1
You have this much money: 4
The turn of player: 0
You have this much money: 0
The turn of player: 1
You have this much money: 5
The turn of player: 0
You have this much money: 3
The turn of player: 1
You have this much money: 2
The turn of player: 0
You have this much money: 4
The turn of player: 1
You have this much money: 3
The turn of player: 0
You have this much money: 5
The turn of player: 1
You have this much money: 8
The turn of player: 0
You have this much money: 6
The turn of player: 1
You have this much money: 9
The turn of player: 0
You have this much money: 5
The turn of player: 1
You have this much money: 2
The turn of player: 0
You have this much money: 3
The turn of player: 1
You have this much money: 6
The turn of player: 0
You have this much money: 5
The turn of player: 1
You have this much money: 3
The turn of player: 0
You have this much money: 7
The turn of player: 1
You have this much money: 2
The turn of player: 0
You have this much money: 4
The turn of player: 1
You have this much money: 6
The turn of player: 0
You have this much money: 4
The turn of player: 1
You have this much money: 4
The turn of player: 0
You have this much money: 4
The turn of player: 1
You have this much money: 5
The turn of player: 0
You have this much money: 5
The turn of player: 1
You have this much money: 3
Playing a card
The turn of player: 0
You have this much money: 2
The turn of player: 1
You have this much money: 4
The turn of player: 0
You have this much money: 3
The turn of player: 1
You have this much money: 6
The turn of player: 0
You have this much money: 4
The turn of player: 1
You have this much money: 5
The turn of player: 0
You have this much money: 4
The turn of player: 1
You have this much money: 4
The turn of player: 0
You have this much money: 5
The turn of player: 1
You have this much money: 1
The turn of player: 0
You have this much money: 3
The turn of player: 1
You have this much money: 6
The turn of player: 0
You have this much money: 5
The turn of player: 1
You have this much money: 5
The turn of player: 0
You have this much money: 3
The turn of player: 1
You have this much money: 2
The turn of player: 0
You have this much money: 5
The turn of player: 1
You have this much money: 5
The turn of player: 0
You have this much money: 5
The turn of player: 1
You have this much money: 4
The turn of player: 0
You have this much money: 3
The turn of player: 1
You have this much money: 6
The turn of player: 0
You have this much money: 5
The turn of player: 1
You have this much money: 4
The turn of player: 0
You have this much money: 3
The turn of player: 1
You have this much money: 6
The turn of player: 0
You have this much money: 3
The turn of player: 1
You have this much money: 6
Score for player 0: 22
Score for player 1: 1
File 'dominion.c'
No executable lines
Removing 'dominion.c.gcov'

